======================================
  GitHub Actions Runner System Specs
  Started at: Sat Mar 21 22:11:50 UTC 2026
======================================

--- CPU INFO ---
CPU Model:
model name	: AMD EPYC 7763 64-Core Processor
CPU Cores (logical):
2
CPU Cores (physical):
cpu cores	: 1
CPU Speed:
cpu MHz		: 3244.758

--- RAM INFO ---
               total        used        free      shared  buff/cache   available
Mem:           7.8Gi       774Mi       5.8Gi        39Mi       1.5Gi       7.0Gi
Swap:          3.0Gi          0B       3.0Gi

Total RAM:
MemTotal:        8133952 kB
Available RAM:
MemAvailable:    7340384 kB

--- STORAGE INFO ---
Filesystem      Size  Used Avail Use% Mounted on
/dev/root        72G   54G   19G  75% /
tmpfs           3.9G   84K  3.9G   1% /dev/shm
tmpfs           1.6G  1.0M  1.6G   1% /run
tmpfs           5.0M     0  5.0M   0% /run/lock
efivarfs        128M   26K  128M   1% /sys/firmware/efi/efivars
/dev/sda16      881M   63M  757M   8% /boot
/dev/sda15      105M  6.2M   99M   6% /boot/efi
tmpfs           795M   12K  795M   1% /run/user/1001

Total Disk:
total            79G   54G   26G  68% -

--- GPU INFO ---
Checking for GPU...
No NVIDIA GPU found (standard GitHub runner has no GPU)
No VGA device found via lspci

--- OS INFO ---
Linux runnervm46oaq 6.14.0-1017-azure #17~24.04.1-Ubuntu SMP Mon Dec  1 20:10:50 UTC 2025 x86_64 x86_64 x86_64 GNU/Linux
PRETTY_NAME="Ubuntu 24.04.3 LTS"
NAME="Ubuntu"
VERSION_ID="24.04"
VERSION="24.04.3 LTS (Noble Numbat)"
VERSION_CODENAME=noble

--- SWAP INFO ---
NAME      TYPE SIZE USED PRIO
/swapfile file   3G   0B   -2

======================================
  Scan Complete at: Sat Mar 21 22:11:50 UTC 2026
======================================
